[2025-02-17T10:08:26.652Z] Revalidate Auto -  Revalidate: post : automotive-lubricants-additives-how-they-change-the-performance-to-outstanding 
[2025-02-17T10:09:57.069Z] Revalidate Auto -  Revalidate: post : automotive-lubricants-additives-how-they-change-the-performance-to-outstanding 
[2025-02-17T10:10:34.297Z] Revalidate Auto -  Revalidate: post : automotive-lubricants-additives-how-they-change-the-performance-to-outstanding 
[2025-02-17T10:11:18.039Z] Revalidate Auto -  Revalidate: about-us : about-us 
[2025-02-17T10:16:24.800Z] Revalidate Auto -  Revalidate: contact : contact 
[2025-02-17T10:25:59.837Z] Revalidate Auto -  Revalidate: home-page : / 
[2025-02-17T10:27:43.303Z] Revalidate Auto -  Revalidate: search-page : search 
[2025-02-17T10:30:10.012Z] Revalidate Auto -  Revalidate: search-page : search 
[2025-02-17T10:34:05.899Z] Revalidate Manual - All Revalidate Done  
[2025-02-17T10:45:04.266Z] Redirection Auto -  Redirection Model: redirection-url 
[2025-02-17T10:45:24.163Z] Redirection Auto -  Redirection Model: redirection-url 
[2025-02-17T11:09:53.114Z] Revalidate Auto -  Revalidate: post : automotive-lubricants-additives-how-they-change-the-performance-to-outstanding 
[2025-02-17T11:11:42.419Z] Revalidate Auto -  Revalidate: post : automotive-lubricants-additives-how-they-change-the-performance-to-outstanding 
[2025-02-17T11:13:48.767Z] Revalidate Auto -  Revalidate: product : chempol-4155-automotive-transmission-fluid-additive 
[2025-02-17T11:14:51.898Z] Revalidate Auto -  Revalidate: product : chempol-4155-automotive-transmission-fluid-additive 
[2025-02-17T11:15:16.764Z] Revalidate Auto -  Revalidate: product : chempol-4155-automotive-transmission-fluid-additive 
[2025-02-17T11:15:46.100Z] Revalidate Auto -  Revalidate: post : automotive-lubricants-additives-how-they-change-the-performance-to-outstanding 
[2025-02-17T11:15:59.377Z] Revalidate Auto -  Revalidate: product : chempol-4155-automotive-transmission-fluid-additive 
[2025-02-17T11:16:26.699Z] Revalidate Auto -  Revalidate: product : chempol-4155-automotive-transmission-fluid-additive 
[2025-02-17T11:16:56.770Z] Revalidate Auto -  Revalidate: product : chempol-4155-automotive-transmission-fluid-additive 
[2025-02-17T11:17:54.282Z] Revalidate Auto -  Revalidate: product : chempol-4155-automotive-transmission-fluid-additive 
[2025-02-17T11:19:09.912Z] Revalidate Auto -  Revalidate: product : chempol-4155-automotive-transmission-fluid-additive 
[2025-02-17T11:19:59.475Z] Revalidate Auto -  Revalidate: product : chempol-4155-automotive-transmission-fluid-additive 
[2025-02-17T11:20:52.163Z] Revalidate Auto -  Revalidate: product : chempol-4155-automotive-transmission-fluid-additive 
[2025-02-17T11:21:07.797Z] Revalidate Auto -  Revalidate: product : chempol-4155-automotive-transmission-fluid-additive 
[2025-02-17T11:22:13.530Z] Revalidate Auto -  Revalidate: product : chempol-4155-automotive-transmission-fluid-additive 
[2025-02-17T11:22:26.981Z] Revalidate Auto -  Revalidate: product : chempol-4155-automotive-transmission-fluid-additive 
[2025-02-17T11:24:01.058Z] Revalidate Auto -  Revalidate: product : chempol-4155-automotive-transmission-fluid-additive 
[2025-02-17T11:24:55.091Z] Revalidate Auto -  Revalidate: product : chempol-4155-automotive-transmission-fluid-additive 
[2025-02-17T11:25:15.027Z] Revalidate Auto -  Revalidate: product : chempol-4155-automotive-transmission-fluid-additive 
[2025-02-17T11:26:24.603Z] Revalidate Auto -  Revalidate: product : chempol-4155-automotive-transmission-fluid-additive 
[2025-02-17T11:26:55.134Z] Revalidate Auto -  Revalidate: product : chempol-4155-automotive-transmission-fluid-additive 
[2025-02-17T11:28:14.613Z] Revalidate Auto -  Revalidate: product : chempol-4155-automotive-transmission-fluid-additive 
[2025-02-17T11:44:56.257Z] Revalidate Auto -  Revalidate: product : chempol-4155-automotive-transmission-fluid-additive 
[2025-02-17T11:45:35.497Z] Revalidate Auto -  Revalidate: product : chempol-4155-automotive-transmission-fluid-additive 
[2025-02-17T11:46:33.173Z] Revalidate Auto -  Revalidate: product : chempol-4155-automotive-transmission-fluid-additive 
[2025-02-17T11:47:06.479Z] Revalidate Auto -  Revalidate: product : chempol-4155-automotive-transmission-fluid-additive 
[2025-02-17T11:47:29.029Z] Revalidate Auto -  Revalidate: product : chempol-4155-automotive-transmission-fluid-additive 
[2025-02-17T11:47:57.600Z] Revalidate Auto -  Revalidate: product : chempol-4155-automotive-transmission-fluid-additive 
[2025-02-17T11:48:07.870Z] Revalidate Auto -  Revalidate: product : chempol-4155-automotive-transmission-fluid-additive 
[2025-02-17T11:48:23.730Z] Revalidate Auto -  Revalidate: product : chempol-4155-automotive-transmission-fluid-additive 
[2025-02-17T11:49:28.413Z] Revalidate Auto -  Revalidate: product : chempol-5177-silicon-base-antifoam-inhibitor 
[2025-02-17T11:49:51.992Z] Revalidate Auto -  Revalidate: product : chempol-5177-silicon-base-antifoam-inhibitor 
[2025-02-17T11:51:55.396Z] Revalidate Auto -  Revalidate: product : chempol-5177-silicon-base-antifoam-inhibitor 
[2025-02-17T11:52:35.806Z] Revalidate Auto -  Revalidate: product : chempol-5177-silicon-base-antifoam-inhibitor 
[2025-02-18T07:35:28.796Z] Redirection Manual - Redirection make  
[2025-02-18T07:36:08.518Z] Redirection Auto -  Redirection Model: redirection-url 
[2025-02-18T07:36:08.525Z] Redirection Auto -  Redirection Model: redirection-url 
[2025-02-18T07:36:09.026Z] Revalidate Auto -  Revalidate: redirection-url : undefined 
[2025-02-18T07:36:09.036Z] Revalidate Auto -  Revalidate: redirection-url : undefined 
[2025-02-18T08:35:30.862Z] Redirection Auto -  Redirection Model: redirection-url 
[2025-02-18T08:35:31.285Z] Revalidate Auto -  Revalidate: redirection-url : undefined 
[2025-04-09T09:02:43.869Z] Revalidate Auto -  Revalidate: video : undefined 
[2025-04-09T09:02:43.879Z] Revalidate Auto -  Revalidate: video : undefined 
[2025-04-09T10:43:16.864Z] Revalidate Auto -  Revalidate: video : undefined 
[2025-04-09T10:43:16.878Z] Revalidate Auto -  Revalidate: video : undefined 
[2025-04-09T11:50:03.333Z] Revalidate Auto -  Revalidate: video : undefined 
[2025-04-09T11:50:03.349Z] Revalidate Auto -  Revalidate: video : undefined 
[2025-04-09T11:50:03.369Z] Revalidate Auto -  Revalidate: video : undefined 
[2025-04-09T11:50:03.392Z] Revalidate Auto -  Revalidate: video : undefined 
[2025-04-09T11:50:03.423Z] Revalidate Auto -  Revalidate: folder : undefined 
[2025-04-09T11:50:04.523Z] Revalidate Auto -  Revalidate: video : undefined 
[2025-04-09T11:50:04.538Z] Revalidate Auto -  Revalidate: video : undefined 
[2025-04-09T11:50:04.554Z] Revalidate Auto -  Revalidate: video : undefined 
[2025-04-09T11:50:04.578Z] Revalidate Auto -  Revalidate: video : undefined 
[2025-04-09T11:50:04.669Z] Revalidate Auto -  Revalidate: video : undefined 
[2025-04-09T11:50:05.504Z] Revalidate Auto -  Revalidate: video : undefined 
[2025-04-09T11:50:05.518Z] Revalidate Auto -  Revalidate: video : undefined 
[2025-04-09T11:50:05.534Z] Revalidate Auto -  Revalidate: video : undefined 
[2025-04-09T11:50:05.587Z] Revalidate Auto -  Revalidate: video : undefined 
[2025-04-09T11:50:05.730Z] Revalidate Auto -  Revalidate: video : undefined 
[2025-04-09T11:50:06.440Z] Revalidate Auto -  Revalidate: video : undefined 
[2025-04-09T11:50:06.456Z] Revalidate Auto -  Revalidate: video : undefined 
[2025-04-09T11:50:06.495Z] Revalidate Auto -  Revalidate: video : undefined 
[2025-04-09T11:50:06.544Z] Revalidate Auto -  Revalidate: video : undefined 
[2025-04-09T11:50:06.728Z] Revalidate Auto -  Revalidate: video : undefined 
[2025-04-09T11:50:07.320Z] Revalidate Auto -  Revalidate: video : undefined 
[2025-04-09T11:50:07.361Z] Revalidate Auto -  Revalidate: video : undefined 
[2025-04-09T11:50:07.378Z] Revalidate Auto -  Revalidate: video : undefined 
[2025-04-09T11:50:07.477Z] Revalidate Auto -  Revalidate: video : undefined 
[2025-04-09T11:50:07.592Z] Revalidate Auto -  Revalidate: video : undefined 
[2025-04-09T11:50:08.212Z] Revalidate Auto -  Revalidate: video : undefined 
[2025-04-09T11:50:08.226Z] Revalidate Auto -  Revalidate: video : undefined 
[2025-04-09T11:50:08.240Z] Revalidate Auto -  Revalidate: video : undefined 
[2025-04-09T11:50:08.380Z] Revalidate Auto -  Revalidate: video : undefined 
[2025-04-09T11:50:08.488Z] Revalidate Auto -  Revalidate: video : undefined 
[2025-04-09T11:50:09.074Z] Revalidate Auto -  Revalidate: video : undefined 
[2025-04-09T11:50:09.094Z] Revalidate Auto -  Revalidate: video : undefined 
[2025-04-09T11:50:09.121Z] Revalidate Auto -  Revalidate: video : undefined 
[2025-04-09T11:50:09.251Z] Revalidate Auto -  Revalidate: video : undefined 
[2025-04-09T11:50:09.447Z] Revalidate Auto -  Revalidate: video : undefined 
[2025-04-09T11:50:09.598Z] Revalidate Auto -  Revalidate: video : undefined 
[2025-04-09T11:50:09.607Z] Revalidate Auto -  Revalidate: video : undefined 
[2025-04-09T11:56:11.194Z] Revalidate Auto -  Revalidate: video : undefined 
[2025-04-09T11:56:11.213Z] Revalidate Auto -  Revalidate: video : undefined 
[2025-04-09T11:56:11.261Z] Revalidate Auto -  Revalidate: video : undefined 
[2025-04-09T11:56:11.272Z] Revalidate Auto -  Revalidate: video : undefined 
[2025-04-09T11:56:11.296Z] Revalidate Auto -  Revalidate: video : undefined 
[2025-04-09T11:56:12.221Z] Revalidate Auto -  Revalidate: video : undefined 
[2025-04-09T11:56:12.233Z] Revalidate Auto -  Revalidate: video : undefined 
[2025-04-09T11:56:12.245Z] Revalidate Auto -  Revalidate: video : undefined 
[2025-04-09T11:56:12.258Z] Revalidate Auto -  Revalidate: video : undefined 
[2025-04-09T11:56:12.267Z] Revalidate Auto -  Revalidate: video : undefined 
[2025-04-09T11:56:14.373Z] Revalidate Auto -  Revalidate: video : undefined 
[2025-04-09T11:56:14.406Z] Revalidate Auto -  Revalidate: video : undefined 
[2025-04-09T11:56:14.415Z] Revalidate Auto -  Revalidate: video : undefined 
[2025-04-09T11:56:14.430Z] Revalidate Auto -  Revalidate: video : undefined 
[2025-04-09T11:56:14.511Z] Revalidate Auto -  Revalidate: video : undefined 
[2025-04-09T11:56:15.404Z] Revalidate Auto -  Revalidate: video : undefined 
[2025-04-09T11:56:15.409Z] Revalidate Auto -  Revalidate: video : undefined 
[2025-04-09T11:56:15.416Z] Revalidate Auto -  Revalidate: video : undefined 
[2025-04-09T11:56:15.436Z] Revalidate Auto -  Revalidate: video : undefined 
[2025-04-09T11:56:15.490Z] Revalidate Auto -  Revalidate: video : undefined 
[2025-04-09T11:56:17.829Z] Revalidate Auto -  Revalidate: video : undefined 
[2025-04-09T11:56:17.839Z] Revalidate Auto -  Revalidate: video : undefined 
[2025-04-09T11:56:17.854Z] Revalidate Auto -  Revalidate: video : undefined 
[2025-04-09T11:56:17.870Z] Revalidate Auto -  Revalidate: video : undefined 
[2025-04-09T11:56:17.897Z] Revalidate Auto -  Revalidate: video : undefined 
[2025-04-09T11:56:18.847Z] Revalidate Auto -  Revalidate: video : undefined 
[2025-04-09T11:56:18.851Z] Revalidate Auto -  Revalidate: video : undefined 
[2025-04-09T11:56:18.862Z] Revalidate Auto -  Revalidate: video : undefined 
[2025-04-09T11:56:18.871Z] Revalidate Auto -  Revalidate: video : undefined 
[2025-04-09T11:56:18.884Z] Revalidate Auto -  Revalidate: video : undefined 
[2025-04-09T11:56:20.626Z] Revalidate Auto -  Revalidate: video : undefined 
[2025-04-09T11:56:20.638Z] Revalidate Auto -  Revalidate: video : undefined 
[2025-04-09T11:56:20.656Z] Revalidate Auto -  Revalidate: video : undefined 
[2025-04-09T11:56:20.667Z] Revalidate Auto -  Revalidate: video : undefined 
[2025-04-09T11:56:20.693Z] Revalidate Auto -  Revalidate: video : undefined 
[2025-04-09T11:56:20.917Z] Revalidate Auto -  Revalidate: video : undefined 
[2025-04-09T12:14:01.576Z] Revalidate Auto -  Revalidate: folder : undefined 
[2025-04-10T06:34:34.145Z] Revalidate Auto -  Revalidate: video : undefined 
[2025-04-10T06:34:34.362Z] Revalidate Auto -  Revalidate: video : undefined 
[2025-04-10T06:34:34.373Z] Revalidate Auto -  Revalidate: video : undefined 
[2025-04-10T06:34:34.417Z] Revalidate Auto -  Revalidate: video : undefined 
[2025-04-10T06:34:34.433Z] Revalidate Auto -  Revalidate: video : undefined 
[2025-04-10T06:34:35.287Z] Revalidate Auto -  Revalidate: video : undefined 
[2025-04-10T06:34:35.462Z] Revalidate Auto -  Revalidate: video : undefined 
[2025-04-10T06:34:35.471Z] Revalidate Auto -  Revalidate: video : undefined 
[2025-04-10T06:34:35.505Z] Revalidate Auto -  Revalidate: video : undefined 
[2025-04-10T06:34:35.519Z] Revalidate Auto -  Revalidate: video : undefined 
[2025-04-10T06:34:36.187Z] Revalidate Auto -  Revalidate: video : undefined 
[2025-04-10T06:34:36.349Z] Revalidate Auto -  Revalidate: video : undefined 
[2025-04-10T06:34:36.357Z] Revalidate Auto -  Revalidate: video : undefined 
[2025-04-10T06:34:36.402Z] Revalidate Auto -  Revalidate: video : undefined 
[2025-04-10T06:34:36.465Z] Revalidate Auto -  Revalidate: video : undefined 
[2025-04-10T06:34:37.082Z] Revalidate Auto -  Revalidate: video : undefined 
[2025-04-10T06:34:37.214Z] Revalidate Auto -  Revalidate: video : undefined 
[2025-04-10T06:34:37.232Z] Revalidate Auto -  Revalidate: video : undefined 
[2025-04-10T06:34:37.270Z] Revalidate Auto -  Revalidate: video : undefined 
[2025-04-10T06:34:37.344Z] Revalidate Auto -  Revalidate: video : undefined 
[2025-04-10T06:34:38.012Z] Revalidate Auto -  Revalidate: video : undefined 
[2025-04-10T06:34:38.077Z] Revalidate Auto -  Revalidate: video : undefined 
[2025-04-10T06:34:38.093Z] Revalidate Auto -  Revalidate: video : undefined 
[2025-04-10T06:34:38.145Z] Revalidate Auto -  Revalidate: video : undefined 
[2025-04-10T06:34:38.224Z] Revalidate Auto -  Revalidate: video : undefined 
[2025-04-10T06:34:38.878Z] Revalidate Auto -  Revalidate: video : undefined 
[2025-04-10T06:34:38.903Z] Revalidate Auto -  Revalidate: video : undefined 
[2025-04-10T06:34:38.916Z] Revalidate Auto -  Revalidate: video : undefined 
[2025-04-10T06:34:38.993Z] Revalidate Auto -  Revalidate: video : undefined 
[2025-04-10T06:34:39.107Z] Revalidate Auto -  Revalidate: video : undefined 
[2025-04-10T06:34:39.720Z] Revalidate Auto -  Revalidate: video : undefined 
[2025-04-10T06:34:39.731Z] Revalidate Auto -  Revalidate: video : undefined 
[2025-04-10T06:34:39.748Z] Revalidate Auto -  Revalidate: video : undefined 
[2025-04-10T06:34:39.799Z] Revalidate Auto -  Revalidate: video : undefined 
[2025-04-10T06:34:39.866Z] Revalidate Auto -  Revalidate: video : undefined 
[2025-04-10T06:34:40.076Z] Revalidate Auto -  Revalidate: video : undefined 
[2025-04-10T06:37:55.075Z] Revalidate Auto -  Revalidate: video : undefined 
[2025-04-10T06:37:55.086Z] Revalidate Auto -  Revalidate: video : undefined 
[2025-04-10T06:38:06.834Z] Revalidate Auto -  Revalidate: video : undefined 
[2025-04-10T06:38:06.850Z] Revalidate Auto -  Revalidate: video : undefined 
[2025-04-10T06:38:06.870Z] Revalidate Auto -  Revalidate: video : undefined 
[2025-04-10T06:38:06.886Z] Revalidate Auto -  Revalidate: video : undefined 
[2025-04-10T06:38:06.908Z] Revalidate Auto -  Revalidate: video : undefined 
[2025-04-10T06:38:07.855Z] Revalidate Auto -  Revalidate: video : undefined 
[2025-04-10T06:38:07.867Z] Revalidate Auto -  Revalidate: video : undefined 
[2025-04-10T06:38:07.881Z] Revalidate Auto -  Revalidate: video : undefined 
[2025-04-10T06:38:07.888Z] Revalidate Auto -  Revalidate: video : undefined 
[2025-04-10T06:38:07.898Z] Revalidate Auto -  Revalidate: video : undefined 
[2025-04-10T06:38:10.329Z] Revalidate Auto -  Revalidate: video : undefined 
[2025-04-10T06:38:10.341Z] Revalidate Auto -  Revalidate: video : undefined 
[2025-04-10T06:38:10.383Z] Revalidate Auto -  Revalidate: video : undefined 
[2025-04-10T06:38:10.399Z] Revalidate Auto -  Revalidate: video : undefined 
[2025-04-10T06:38:10.473Z] Revalidate Auto -  Revalidate: video : undefined 
[2025-04-10T06:38:11.225Z] Revalidate Auto -  Revalidate: video : undefined 
[2025-04-10T06:38:11.250Z] Revalidate Auto -  Revalidate: video : undefined 
[2025-04-10T06:38:11.343Z] Revalidate Auto -  Revalidate: video : undefined 
[2025-04-10T06:38:11.353Z] Revalidate Auto -  Revalidate: video : undefined 
[2025-04-10T06:38:11.397Z] Revalidate Auto -  Revalidate: video : undefined 
[2025-04-10T06:38:13.140Z] Revalidate Auto -  Revalidate: video : undefined 
[2025-04-10T06:38:13.154Z] Revalidate Auto -  Revalidate: video : undefined 
[2025-04-10T06:38:13.175Z] Revalidate Auto -  Revalidate: video : undefined 
[2025-04-10T06:38:13.188Z] Revalidate Auto -  Revalidate: video : undefined 
[2025-04-10T06:38:13.206Z] Revalidate Auto -  Revalidate: video : undefined 
[2025-04-10T06:38:14.036Z] Revalidate Auto -  Revalidate: video : undefined 
[2025-04-10T06:38:14.045Z] Revalidate Auto -  Revalidate: video : undefined 
[2025-04-10T06:38:14.063Z] Revalidate Auto -  Revalidate: video : undefined 
[2025-04-10T06:38:14.082Z] Revalidate Auto -  Revalidate: video : undefined 
[2025-04-10T06:38:14.092Z] Revalidate Auto -  Revalidate: video : undefined 
[2025-04-10T06:38:17.158Z] Revalidate Auto -  Revalidate: video : undefined 
[2025-04-10T06:38:17.170Z] Revalidate Auto -  Revalidate: video : undefined 
[2025-04-10T06:38:17.182Z] Revalidate Auto -  Revalidate: video : undefined 
[2025-04-10T06:38:17.196Z] Revalidate Auto -  Revalidate: video : undefined 
[2025-04-10T06:38:17.205Z] Revalidate Auto -  Revalidate: video : undefined 
[2025-04-10T06:38:17.464Z] Revalidate Auto -  Revalidate: video : undefined 
[2025-04-10T07:05:48.644Z] Revalidate Auto -  Revalidate: video : undefined 
[2025-04-10T07:05:49.603Z] Revalidate Auto -  Revalidate: video : undefined 
[2025-04-10T07:05:49.824Z] Revalidate Auto -  Revalidate: video : undefined 
[2025-04-10T07:05:49.859Z] Revalidate Auto -  Revalidate: video : undefined 
[2025-04-10T07:05:49.872Z] Revalidate Auto -  Revalidate: video : undefined 
[2025-04-10T07:05:50.225Z] Revalidate Auto -  Revalidate: video : undefined 
[2025-04-10T07:05:50.338Z] Revalidate Auto -  Revalidate: video : undefined 
[2025-04-10T07:05:50.351Z] Revalidate Auto -  Revalidate: video : undefined 
[2025-04-10T07:05:50.427Z] Revalidate Auto -  Revalidate: video : undefined 
[2025-04-10T07:05:50.493Z] Revalidate Auto -  Revalidate: video : undefined 
[2025-04-10T07:05:50.675Z] Revalidate Auto -  Revalidate: video : undefined 
[2025-04-10T07:05:50.799Z] Revalidate Auto -  Revalidate: video : undefined 
[2025-04-10T07:05:50.806Z] Revalidate Auto -  Revalidate: video : undefined 
[2025-04-10T07:05:50.866Z] Revalidate Auto -  Revalidate: video : undefined 
[2025-04-10T07:05:50.907Z] Revalidate Auto -  Revalidate: video : undefined 
[2025-04-10T07:05:51.070Z] Revalidate Auto -  Revalidate: video : undefined 
[2025-04-10T07:05:51.174Z] Revalidate Auto -  Revalidate: video : undefined 
[2025-04-10T07:05:51.191Z] Revalidate Auto -  Revalidate: video : undefined 
[2025-04-10T07:05:51.229Z] Revalidate Auto -  Revalidate: video : undefined 
[2025-04-10T07:05:51.277Z] Revalidate Auto -  Revalidate: video : undefined 
[2025-04-10T07:05:51.476Z] Revalidate Auto -  Revalidate: video : undefined 
[2025-04-10T07:05:51.578Z] Revalidate Auto -  Revalidate: video : undefined 
[2025-04-10T07:05:51.587Z] Revalidate Auto -  Revalidate: video : undefined 
[2025-04-10T07:05:51.713Z] Revalidate Auto -  Revalidate: video : undefined 
[2025-04-10T07:05:51.745Z] Revalidate Auto -  Revalidate: video : undefined 
[2025-04-10T07:05:51.889Z] Revalidate Auto -  Revalidate: video : undefined 
[2025-04-10T07:05:51.972Z] Revalidate Auto -  Revalidate: video : undefined 
[2025-04-10T07:05:51.991Z] Revalidate Auto -  Revalidate: video : undefined 
[2025-04-10T07:05:52.012Z] Revalidate Auto -  Revalidate: video : undefined 
[2025-04-10T07:05:52.039Z] Revalidate Auto -  Revalidate: video : undefined 
[2025-04-10T07:05:52.178Z] Revalidate Auto -  Revalidate: video : undefined 
[2025-04-10T07:05:52.289Z] Revalidate Auto -  Revalidate: video : undefined 
[2025-04-10T07:05:52.302Z] Revalidate Auto -  Revalidate: video : undefined 
[2025-04-10T07:05:52.319Z] Revalidate Auto -  Revalidate: video : undefined 
[2025-04-10T07:05:52.339Z] Revalidate Auto -  Revalidate: video : undefined 
[2025-04-10T07:05:52.391Z] Revalidate Auto -  Revalidate: video : undefined 
[2025-04-10T07:15:35.758Z] Revalidate Auto -  Revalidate: video : undefined 
[2025-04-10T07:15:35.771Z] Revalidate Auto -  Revalidate: video : undefined 
[2025-04-10T07:15:35.788Z] Revalidate Auto -  Revalidate: video : undefined 
[2025-04-10T07:15:35.796Z] Revalidate Auto -  Revalidate: video : undefined 
[2025-04-10T07:15:35.817Z] Revalidate Auto -  Revalidate: video : undefined 
[2025-04-10T07:15:36.050Z] Revalidate Auto -  Revalidate: video : undefined 
[2025-04-10T07:15:36.070Z] Revalidate Auto -  Revalidate: video : undefined 
[2025-04-10T07:15:36.088Z] Revalidate Auto -  Revalidate: video : undefined 
[2025-04-10T07:15:36.112Z] Revalidate Auto -  Revalidate: video : undefined 
[2025-04-10T07:15:36.125Z] Revalidate Auto -  Revalidate: video : undefined 
[2025-04-10T07:15:44.214Z] Revalidate Auto -  Revalidate: video : undefined 
[2025-04-10T07:15:44.224Z] Revalidate Auto -  Revalidate: video : undefined 
[2025-04-10T07:15:44.255Z] Revalidate Auto -  Revalidate: video : undefined 
[2025-04-10T07:15:44.281Z] Revalidate Auto -  Revalidate: video : undefined 
[2025-04-10T07:15:44.292Z] Revalidate Auto -  Revalidate: video : undefined 
[2025-04-10T07:15:44.562Z] Revalidate Auto -  Revalidate: video : undefined 
[2025-04-10T07:15:44.572Z] Revalidate Auto -  Revalidate: video : undefined 
[2025-04-10T07:15:44.590Z] Revalidate Auto -  Revalidate: video : undefined 
[2025-04-10T07:15:44.600Z] Revalidate Auto -  Revalidate: video : undefined 
[2025-04-10T07:15:44.613Z] Revalidate Auto -  Revalidate: video : undefined 
[2025-04-10T07:19:41.057Z] Revalidate Auto -  Revalidate: video : undefined 
[2025-04-10T07:19:41.072Z] Revalidate Auto -  Revalidate: video : undefined 
[2025-04-10T07:19:41.086Z] Revalidate Auto -  Revalidate: video : undefined 
[2025-04-10T07:19:41.104Z] Revalidate Auto -  Revalidate: video : undefined 
[2025-04-10T07:19:41.173Z] Revalidate Auto -  Revalidate: video : undefined 
[2025-04-10T07:19:41.417Z] Revalidate Auto -  Revalidate: video : undefined 
[2025-04-10T07:19:41.434Z] Revalidate Auto -  Revalidate: video : undefined 
[2025-04-10T07:19:41.449Z] Revalidate Auto -  Revalidate: video : undefined 
[2025-04-10T07:19:41.470Z] Revalidate Auto -  Revalidate: video : undefined 
[2025-04-10T07:19:41.494Z] Revalidate Auto -  Revalidate: video : undefined 
[2025-04-10T07:19:41.719Z] Revalidate Auto -  Revalidate: video : undefined 
[2025-04-10T07:19:41.748Z] Revalidate Auto -  Revalidate: video : undefined 
[2025-04-10T07:19:41.764Z] Revalidate Auto -  Revalidate: video : undefined 
[2025-04-10T07:19:41.769Z] Revalidate Auto -  Revalidate: video : undefined 
[2025-04-10T07:19:41.782Z] Revalidate Auto -  Revalidate: video : undefined 
[2025-04-10T07:19:41.883Z] Revalidate Auto -  Revalidate: video : undefined 
[2025-04-10T07:20:07.828Z] Revalidate Auto -  Revalidate: video : undefined 
[2025-04-10T07:20:07.961Z] Revalidate Auto -  Revalidate: video : undefined 
[2025-04-10T07:20:07.971Z] Revalidate Auto -  Revalidate: video : undefined 
[2025-04-10T07:20:08.035Z] Revalidate Auto -  Revalidate: video : undefined 
[2025-04-10T07:20:08.047Z] Revalidate Auto -  Revalidate: video : undefined 
[2025-04-10T07:20:08.527Z] Revalidate Auto -  Revalidate: video : undefined 
[2025-04-10T07:20:08.605Z] Revalidate Auto -  Revalidate: video : undefined 
[2025-04-10T07:20:08.621Z] Revalidate Auto -  Revalidate: video : undefined 
[2025-04-10T07:20:08.661Z] Revalidate Auto -  Revalidate: video : undefined 
[2025-04-10T07:20:08.688Z] Revalidate Auto -  Revalidate: video : undefined 
[2025-04-10T07:20:09.055Z] Revalidate Auto -  Revalidate: video : undefined 
[2025-04-10T07:20:09.147Z] Revalidate Auto -  Revalidate: video : undefined 
[2025-04-10T07:20:09.162Z] Revalidate Auto -  Revalidate: video : undefined 
[2025-04-10T07:20:09.208Z] Revalidate Auto -  Revalidate: video : undefined 
[2025-04-10T07:20:09.231Z] Revalidate Auto -  Revalidate: video : undefined 
[2025-04-10T07:20:09.438Z] Revalidate Auto -  Revalidate: video : undefined 
[2025-04-10T07:20:09.510Z] Revalidate Auto -  Revalidate: video : undefined 
[2025-04-10T07:20:09.518Z] Revalidate Auto -  Revalidate: video : undefined 
[2025-04-10T07:20:09.554Z] Revalidate Auto -  Revalidate: video : undefined 
[2025-04-10T07:20:09.578Z] Revalidate Auto -  Revalidate: video : undefined 
[2025-04-10T07:20:09.787Z] Revalidate Auto -  Revalidate: video : undefined 
[2025-04-10T07:20:09.865Z] Revalidate Auto -  Revalidate: video : undefined 
[2025-04-10T07:20:09.874Z] Revalidate Auto -  Revalidate: video : undefined 
[2025-04-10T07:20:09.917Z] Revalidate Auto -  Revalidate: video : undefined 
[2025-04-10T07:20:09.958Z] Revalidate Auto -  Revalidate: video : undefined 
[2025-04-10T07:20:10.162Z] Revalidate Auto -  Revalidate: video : undefined 
[2025-04-10T07:20:10.256Z] Revalidate Auto -  Revalidate: video : undefined 
[2025-04-10T07:20:10.288Z] Revalidate Auto -  Revalidate: video : undefined 
[2025-04-10T07:20:10.339Z] Revalidate Auto -  Revalidate: video : undefined 
[2025-04-10T07:20:10.370Z] Revalidate Auto -  Revalidate: video : undefined 
[2025-04-10T07:20:10.605Z] Revalidate Auto -  Revalidate: video : undefined 
[2025-04-10T07:20:10.700Z] Revalidate Auto -  Revalidate: video : undefined 
[2025-04-10T07:20:10.709Z] Revalidate Auto -  Revalidate: video : undefined 
[2025-04-10T07:20:10.736Z] Revalidate Auto -  Revalidate: video : undefined 
[2025-04-10T07:20:10.753Z] Revalidate Auto -  Revalidate: video : undefined 
[2025-04-10T07:20:10.831Z] Revalidate Auto -  Revalidate: video : undefined 
[2025-04-10T07:57:33.745Z] Revalidate Auto -  Revalidate: video : undefined 
[2025-04-10T07:57:33.761Z] Revalidate Auto -  Revalidate: video : undefined 
[2025-04-10T07:57:33.780Z] Revalidate Auto -  Revalidate: video : undefined 
[2025-04-10T07:57:33.790Z] Revalidate Auto -  Revalidate: video : undefined 
[2025-04-10T07:57:33.880Z] Revalidate Auto -  Revalidate: video : undefined 
[2025-04-10T07:57:34.110Z] Revalidate Auto -  Revalidate: video : undefined 
[2025-04-10T07:57:34.119Z] Revalidate Auto -  Revalidate: video : undefined 
[2025-04-10T07:57:34.136Z] Revalidate Auto -  Revalidate: video : undefined 
[2025-04-10T07:57:34.145Z] Revalidate Auto -  Revalidate: video : undefined 
[2025-04-10T07:57:34.154Z] Revalidate Auto -  Revalidate: video : undefined 
[2025-04-10T07:57:44.273Z] Revalidate Auto -  Revalidate: video : undefined 
[2025-04-10T07:57:44.288Z] Revalidate Auto -  Revalidate: video : undefined 
[2025-04-10T07:57:44.304Z] Revalidate Auto -  Revalidate: video : undefined 
[2025-04-10T07:57:44.320Z] Revalidate Auto -  Revalidate: video : undefined 
[2025-04-10T07:57:44.338Z] Revalidate Auto -  Revalidate: video : undefined 
[2025-04-10T07:57:44.585Z] Revalidate Auto -  Revalidate: video : undefined 
[2025-04-10T07:57:44.595Z] Revalidate Auto -  Revalidate: video : undefined 
[2025-04-10T07:57:44.607Z] Revalidate Auto -  Revalidate: video : undefined 
[2025-04-10T07:57:44.622Z] Revalidate Auto -  Revalidate: video : undefined 
[2025-04-10T07:57:44.639Z] Revalidate Auto -  Revalidate: video : undefined 
[2025-04-10T07:57:44.882Z] Revalidate Auto -  Revalidate: video : undefined 
[2025-04-10T07:57:44.894Z] Revalidate Auto -  Revalidate: video : undefined 
[2025-04-10T07:57:44.929Z] Revalidate Auto -  Revalidate: video : undefined 
[2025-04-10T07:57:44.944Z] Revalidate Auto -  Revalidate: video : undefined 
[2025-04-10T07:57:44.966Z] Revalidate Auto -  Revalidate: video : undefined 
[2025-04-10T07:57:45.240Z] Revalidate Auto -  Revalidate: video : undefined 
[2025-04-10T07:57:45.250Z] Revalidate Auto -  Revalidate: video : undefined 
[2025-04-10T07:57:45.267Z] Revalidate Auto -  Revalidate: video : undefined 
[2025-04-10T07:57:45.286Z] Revalidate Auto -  Revalidate: video : undefined 
[2025-04-10T07:57:45.319Z] Revalidate Auto -  Revalidate: video : undefined 
[2025-04-10T07:57:45.576Z] Revalidate Auto -  Revalidate: video : undefined 
[2025-04-10T07:57:45.593Z] Revalidate Auto -  Revalidate: video : undefined 
[2025-04-10T07:57:45.605Z] Revalidate Auto -  Revalidate: video : undefined 
[2025-04-10T07:57:45.619Z] Revalidate Auto -  Revalidate: video : undefined 
[2025-04-10T07:57:45.636Z] Revalidate Auto -  Revalidate: video : undefined 
[2025-04-10T07:57:45.721Z] Revalidate Auto -  Revalidate: video : undefined 
[2025-04-10T08:05:43.194Z] Revalidate Auto -  Revalidate: video : undefined 
[2025-04-10T08:05:43.689Z] Revalidate Auto -  Revalidate: video : undefined 
[2025-04-10T08:05:44.511Z] Revalidate Auto -  Revalidate: video : undefined 
[2025-04-10T08:05:44.865Z] Revalidate Auto -  Revalidate: video : undefined 
[2025-04-10T08:05:45.224Z] Revalidate Auto -  Revalidate: video : undefined 
[2025-04-10T08:05:45.264Z] Revalidate Auto -  Revalidate: video : undefined 
[2025-04-10T08:05:45.474Z] Revalidate Auto -  Revalidate: video : undefined 
[2025-04-10T08:05:45.592Z] Revalidate Auto -  Revalidate: video : undefined 
[2025-04-10T08:05:45.762Z] Revalidate Auto -  Revalidate: video : undefined 
[2025-04-10T08:05:45.855Z] Revalidate Auto -  Revalidate: video : undefined 
[2025-04-10T08:05:45.922Z] Revalidate Auto -  Revalidate: video : undefined 
[2025-04-10T08:05:45.931Z] Revalidate Auto -  Revalidate: video : undefined 
[2025-04-10T08:05:45.950Z] Revalidate Auto -  Revalidate: video : undefined 
[2025-04-10T08:05:46.073Z] Revalidate Auto -  Revalidate: video : undefined 
[2025-04-10T08:05:46.150Z] Revalidate Auto -  Revalidate: video : undefined 
[2025-04-10T08:05:46.269Z] Revalidate Auto -  Revalidate: video : undefined 
[2025-04-10T08:05:46.285Z] Revalidate Auto -  Revalidate: video : undefined 
[2025-04-10T08:05:46.298Z] Revalidate Auto -  Revalidate: video : undefined 
[2025-04-10T08:05:46.438Z] Revalidate Auto -  Revalidate: video : undefined 
[2025-04-10T08:05:46.515Z] Revalidate Auto -  Revalidate: video : undefined 
[2025-04-10T08:05:46.607Z] Revalidate Auto -  Revalidate: video : undefined 
[2025-04-10T08:05:46.620Z] Revalidate Auto -  Revalidate: video : undefined 
[2025-04-10T08:05:46.664Z] Revalidate Auto -  Revalidate: video : undefined 
[2025-04-10T08:05:46.836Z] Revalidate Auto -  Revalidate: video : undefined 
[2025-04-10T08:05:46.869Z] Revalidate Auto -  Revalidate: video : undefined 
[2025-04-10T08:05:46.955Z] Revalidate Auto -  Revalidate: video : undefined 
[2025-04-10T08:05:46.973Z] Revalidate Auto -  Revalidate: video : undefined 
[2025-04-10T08:05:46.987Z] Revalidate Auto -  Revalidate: video : undefined 
[2025-04-10T08:05:47.125Z] Revalidate Auto -  Revalidate: video : undefined 
[2025-04-10T08:05:47.162Z] Revalidate Auto -  Revalidate: video : undefined 
[2025-04-10T08:05:47.240Z] Revalidate Auto -  Revalidate: video : undefined 
[2025-04-10T08:05:47.257Z] Revalidate Auto -  Revalidate: video : undefined 
[2025-04-10T08:05:47.281Z] Revalidate Auto -  Revalidate: video : undefined 
[2025-04-10T08:05:47.400Z] Revalidate Auto -  Revalidate: video : undefined 
[2025-04-10T08:05:47.453Z] Revalidate Auto -  Revalidate: video : undefined 
[2025-04-10T08:05:47.515Z] Revalidate Auto -  Revalidate: video : undefined 
[2025-04-10T08:48:48.650Z] Revalidate Auto -  Revalidate: video : undefined 
[2025-04-10T08:48:48.659Z] Revalidate Auto -  Revalidate: video : undefined 
[2025-04-10T08:48:48.673Z] Revalidate Auto -  Revalidate: video : undefined 
[2025-04-10T08:48:48.693Z] Revalidate Auto -  Revalidate: video : undefined 
[2025-04-10T08:48:48.722Z] Revalidate Auto -  Revalidate: video : undefined 
[2025-04-10T08:48:48.984Z] Revalidate Auto -  Revalidate: video : undefined 
[2025-04-10T08:48:48.995Z] Revalidate Auto -  Revalidate: video : undefined 
[2025-04-10T08:48:49.010Z] Revalidate Auto -  Revalidate: video : undefined 
[2025-04-10T08:48:49.042Z] Revalidate Auto -  Revalidate: video : undefined 
[2025-04-10T08:48:49.059Z] Revalidate Auto -  Revalidate: video : undefined 
[2025-04-10T08:48:49.301Z] Revalidate Auto -  Revalidate: video : undefined 
[2025-04-10T08:48:49.316Z] Revalidate Auto -  Revalidate: video : undefined 
[2025-04-10T08:48:49.331Z] Revalidate Auto -  Revalidate: video : undefined 
[2025-04-10T08:48:49.351Z] Revalidate Auto -  Revalidate: video : undefined 
[2025-04-10T08:48:49.374Z] Revalidate Auto -  Revalidate: video : undefined 
[2025-04-10T08:48:49.650Z] Revalidate Auto -  Revalidate: video : undefined 
[2025-04-10T08:48:49.670Z] Revalidate Auto -  Revalidate: video : undefined 
[2025-04-10T08:48:49.680Z] Revalidate Auto -  Revalidate: video : undefined 
[2025-04-10T08:48:49.704Z] Revalidate Auto -  Revalidate: video : undefined 
[2025-04-10T08:48:49.735Z] Revalidate Auto -  Revalidate: video : undefined 
[2025-04-10T08:48:49.983Z] Revalidate Auto -  Revalidate: video : undefined 
[2025-04-10T08:48:49.996Z] Revalidate Auto -  Revalidate: video : undefined 
[2025-04-10T08:48:50.018Z] Revalidate Auto -  Revalidate: video : undefined 
[2025-04-10T08:48:50.040Z] Revalidate Auto -  Revalidate: video : undefined 
[2025-04-10T08:48:50.072Z] Revalidate Auto -  Revalidate: video : undefined 
[2025-04-10T08:48:50.315Z] Revalidate Auto -  Revalidate: video : undefined 
[2025-04-10T08:48:50.327Z] Revalidate Auto -  Revalidate: video : undefined 
[2025-04-10T08:48:50.364Z] Revalidate Auto -  Revalidate: video : undefined 
[2025-04-10T08:48:50.371Z] Revalidate Auto -  Revalidate: video : undefined 
[2025-04-10T08:48:50.430Z] Revalidate Auto -  Revalidate: video : undefined 
[2025-04-10T08:48:50.761Z] Revalidate Auto -  Revalidate: video : undefined 
[2025-04-10T08:48:50.817Z] Revalidate Auto -  Revalidate: video : undefined 
[2025-04-10T08:48:50.902Z] Revalidate Auto -  Revalidate: video : undefined 
[2025-04-10T08:48:50.937Z] Revalidate Auto -  Revalidate: video : undefined 
[2025-04-10T08:48:50.963Z] Revalidate Auto -  Revalidate: video : undefined 
[2025-04-10T08:48:51.093Z] Revalidate Auto -  Revalidate: video : undefined 
[2025-04-10T08:49:08.816Z] Revalidate Auto -  Revalidate: video : undefined 
[2025-04-10T08:49:09.241Z] Revalidate Auto -  Revalidate: video : undefined 
[2025-04-10T08:49:09.813Z] Revalidate Auto -  Revalidate: video : undefined 
[2025-04-10T08:49:09.883Z] Revalidate Auto -  Revalidate: video : undefined 
[2025-04-10T08:49:10.032Z] Revalidate Auto -  Revalidate: video : undefined 
[2025-04-10T08:49:10.430Z] Revalidate Auto -  Revalidate: video : undefined 
[2025-04-10T08:49:10.468Z] Revalidate Auto -  Revalidate: video : undefined 
[2025-04-10T08:49:10.627Z] Revalidate Auto -  Revalidate: video : undefined 
[2025-04-10T08:49:10.724Z] Revalidate Auto -  Revalidate: video : undefined 
[2025-04-10T08:49:10.769Z] Revalidate Auto -  Revalidate: video : undefined 
[2025-04-10T08:49:10.997Z] Revalidate Auto -  Revalidate: video : undefined 
[2025-04-10T08:49:11.062Z] Revalidate Auto -  Revalidate: video : undefined 
[2025-04-10T08:49:11.177Z] Revalidate Auto -  Revalidate: video : undefined 
[2025-04-10T08:49:11.195Z] Revalidate Auto -  Revalidate: video : undefined 
[2025-04-10T08:49:11.223Z] Revalidate Auto -  Revalidate: video : undefined 
[2025-04-10T08:49:11.416Z] Revalidate Auto -  Revalidate: video : undefined 
[2025-04-10T08:49:11.429Z] Revalidate Auto -  Revalidate: video : undefined 
[2025-04-10T08:49:11.567Z] Revalidate Auto -  Revalidate: video : undefined 
[2025-04-10T08:49:11.584Z] Revalidate Auto -  Revalidate: video : undefined 
[2025-04-10T08:49:11.609Z] Revalidate Auto -  Revalidate: video : undefined 
[2025-04-10T08:49:11.824Z] Revalidate Auto -  Revalidate: video : undefined 
[2025-04-10T08:49:11.839Z] Revalidate Auto -  Revalidate: video : undefined 
[2025-04-10T08:49:11.959Z] Revalidate Auto -  Revalidate: video : undefined 
[2025-04-10T08:49:11.969Z] Revalidate Auto -  Revalidate: video : undefined 
[2025-04-10T08:49:11.975Z] Revalidate Auto -  Revalidate: video : undefined 
[2025-04-10T08:49:12.201Z] Revalidate Auto -  Revalidate: video : undefined 
[2025-04-10T08:49:12.210Z] Revalidate Auto -  Revalidate: video : undefined 
[2025-04-10T08:49:12.329Z] Revalidate Auto -  Revalidate: video : undefined 
[2025-04-10T08:49:12.342Z] Revalidate Auto -  Revalidate: video : undefined 
[2025-04-10T08:49:12.359Z] Revalidate Auto -  Revalidate: video : undefined 
[2025-04-10T08:49:12.568Z] Revalidate Auto -  Revalidate: video : undefined 
[2025-04-10T08:49:12.584Z] Revalidate Auto -  Revalidate: video : undefined 
[2025-04-10T08:49:12.697Z] Revalidate Auto -  Revalidate: video : undefined 
[2025-04-10T08:49:12.713Z] Revalidate Auto -  Revalidate: video : undefined 
[2025-04-10T08:49:12.730Z] Revalidate Auto -  Revalidate: video : undefined 
[2025-04-10T08:49:12.814Z] Revalidate Auto -  Revalidate: video : undefined 
[2025-04-10T09:02:40.395Z] Revalidate Auto -  Revalidate: video : undefined 
[2025-04-10T09:02:46.561Z] Revalidate Auto -  Revalidate: video : undefined 
[2025-04-10T09:02:46.607Z] Revalidate Auto -  Revalidate: video : undefined 
[2025-04-10T09:08:50.894Z] Revalidate Auto -  Revalidate: video : undefined 
[2025-04-10T09:08:50.911Z] Revalidate Auto -  Revalidate: video : undefined 
[2025-04-10T09:08:59.994Z] Revalidate Auto -  Revalidate: video : undefined 
